<html>
<body>
<pre>
<h1>µVision Build Log</h1>
<h2>Tool Versions:</h2>
IDE-Version: µVision V5.26.2.0
Copyright (C) 2018 ARM Ltd and ARM Germany GmbH. All rights reserved.
License Information: Fernando Lahoz Bernad, Unizar, LIC=----
 
Tool Versions:
Toolchain:       MDK-Lite  Version: 5.26.2.0
Toolchain Path:  C:\Keil_v5\ARM\ARMCC\Bin
C Compiler:      Armcc.exe V5.06 update 6 (build 750)
Assembler:       Armasm.exe V5.06 update 6 (build 750)
Linker/Locator:  ArmLink.exe V5.06 update 6 (build 750)
Library Manager: ArmAr.exe V5.06 update 6 (build 750)
Hex Converter:   FromElf.exe V5.06 update 6 (build 750)
CPU DLL:         SARM.DLL V5.26.2.0
Dialog DLL:      DARMP.DLL V1.53.0.0
Target DLL:      UL2ARM.DLL V1.74.10.0
Dialog DLL:      TARMP.DLL V1.53.0.0
 
<h2>Project:</h2>
D:\Escritorio\Universidad\5-Semestre\PHW\proy-hardware\practica3\conecta4_2022.uvproj
Project File Date:  12/17/2022

<h2>Output:</h2>
*** Using Compiler 'V5.06 update 6 (build 750)', folder: 'C:\Keil_v5\ARM\ARMCC\Bin'
Rebuild target 'conecta4_2022'
assembling Startup.s...
compiling g_energia.c...
compiling conecta4_2022.c...
compiling cola_msg.c...
compiling g_alarmas.c...
compiling botones.c...
compiling gpio.c...
compiling cola_asyn.c...
compiling g_io.c...
compiling main.c...
main.c(73): warning:  #111-D: statement is unreachable
    init();
main.c: 1 warning, 0 errors
compiling temporizador.c...
compiling g_boton.c...
compiling semaforo_interrupciones.c...
compiling power.c...
compiling llamadas_sistema.c...
assembling conecta4_buscar_alineamiento_arm.s...
compiling contadores.c...
compiling g_serie.c...
compiling UART0.c...
assembling conecta4_hay_linea_arm_arm.s...
assembling conecta4_hay_linea_arm_c.s...
assembling SWI.s...
linking...
Program Size: Code=9664 RO-data=32 RW-data=172 ZI-data=2900  
".\Objects\conecta4_2022.axf" - 0 Error(s), 1 Warning(s).
Build Time Elapsed:  00:00:00
</pre>
</body>
</html>
