<html>
<body>
<pre>
<h1>µVision Build Log</h1>
<h2>Tool Versions:</h2>
IDE-Version: µVision V5.26.2.0
Copyright (C) 2018 ARM Ltd and ARM Germany GmbH. All rights reserved.
License Information: hector toral, unizar, LIC=----
 
Tool Versions:
Toolchain:       MDK-Lite  Version: 5.26.2.0
Toolchain Path:  C:\Keil_v5\ARM\ARMCC\Bin
C Compiler:      Armcc.exe V5.06 update 6 (build 750)
Assembler:       Armasm.exe V5.06 update 6 (build 750)
Linker/Locator:  ArmLink.exe V5.06 update 6 (build 750)
Library Manager: ArmAr.exe V5.06 update 6 (build 750)
Hex Converter:   FromElf.exe V5.06 update 6 (build 750)
CPU DLL:         SARM.DLL V5.26.2.0
Dialog DLL:      DARMP.DLL V1.53.0.0
Target DLL:      UL2ARM.DLL V1.74.10.0
Dialog DLL:      TARMP.DLL V1.53.0.0
 
<h2>Project:</h2>
C:\Users\Hector\Documents\798095\proy_hardware\ph-pr-3\conecta4_2022.uvproj
Project File Date:  11/29/2022

<h2>Output:</h2>
*** Using Compiler 'V5.06 update 6 (build 750)', folder: 'C:\Keil_v5\ARM\ARMCC\Bin'
Rebuild target 'conecta4_2022'
compiling gpio.c...
assembling Startup.s...
compiling cola_msg.c...
compiling cola_asyn.c...
compiling temporizador.c...
compiling main.c...
compiling semaforo_interrupciones.c...
compiling botones.c...
compiling g_energia.c...
compiling conecta4_2022.c...
compiling g_io.c...
compiling g_boton.c...
compiling g_alarmas.c...
assembling conecta4_hay_linea_arm_arm.s...
compiling llamadas_sistema.c...
assembling conecta4_buscar_alineamiento_arm.s...
assembling conecta4_hay_linea_arm_c.s...
assembling SWI.s...
compiling power.c...
linking...
Program Size: Code=8260 RO-data=32 RW-data=128 ZI-data=2896  
".\Objects\conecta4_2022.axf" - 0 Error(s), 0 Warning(s).
Build Time Elapsed:  00:00:01
</pre>
</body>
</html>
